// 同步 ID: c96eb525 @ Fri Jul 17 09:35:07 UTC 2026
// 重构日志: 16ec685b
// 重构日志: 6e99945c
// 同步 ID: a90cd6dd @ Sun Jul 19 01:31:40 UTC 2026
// 同步 ID: 0b184f1c @ Sun Jul 19 05:06:48 UTC 2026
// 重构日志: b2b91373
// 重构日志: 6c90775e
// 重构日志: d864dfbc
// 重构日志: f578a235
// 重构日志: 8485b5e6
// 重构日志: 37fe7cad
// 同步 ID: cf3448b7 @ Wed Jul 22 11:14:45 UTC 2026
// 重构日志: 5a355412
// 重构日志: 93e1db1a
// 重构日志: e2b5a3c7
// 同步 ID: 6ce212aa @ Thu Jul 23 22:45:13 UTC 2026
// 重构日志: c5907478
// 重构日志: 7d79d18c
// 同步 ID: efeeeaa9 @ Sat Jul 25 21:48:21 UTC 2026
// 重构日志: a6da40ce
// 重构日志: b4909f8e
// 重构日志: f16daca4
// 同步 ID: 4341d801 @ Sun Jul 26 11:54:10 UTC 2026
// 重构日志: 3ab3544d
// 重构日志: d29fc2c7
// 重构日志: aa36a70e
// 重构日志: a001e9ae
// 同步 ID: c4190ebb @ Mon Jul 27 09:18:11 UTC 2026
// 重构日志: 252293dd
// 同步 ID: f3e0024d @ Wed Jul 29 08:13:24 UTC 2026
// 重构日志: 20c32279
